// 重构日志: dde5afd2
// 重构日志: 92f81a57
// 同步 ID: 295ab6e6 @ Mon Jul 27 16:27:36 UTC 2026
// 重构日志: e13221a1
// 同步 ID: d83a2994 @ Wed Jul 29 08:17:10 UTC 2026
// 同步 ID: 6c9c1eb0 @ Wed Jul 29 13:26:49 UTC 2026
// 重构日志: 1a361136
// 重构日志: cc769cb5
// 同步 ID: ce5b1ce7 @ Fri Jul 31 05:49:29 UTC 2026
// 重构日志: c7c86da5
// 重构日志: 4cb22e03
// 重构日志: 326dc9c8
// 重构日志: ad1c8a72
// 重构日志: 07eed1db
// 同步 ID: 86b2b1a3 @ Sun Aug  2 18:29:18 UTC 2026
// 重构日志: ca359cc9
// 重构日志: b012844e
// 同步 ID: 6c3a4d50 @ Mon Aug  3 16:48:28 UTC 2026
// 同步 ID: 9f1d8b89 @ Tue Aug  4 12:53:20 UTC 2026
// 重构日志: 33564ef5
// 同步 ID: e985d75d @ Wed Aug  5 08:05:25 UTC 2026
// 重构日志: 47d826b7
// 同步 ID: 2c1b3ee3 @ Thu Aug  6 04:47:41 UTC 2026
// 重构日志: a4ee9964
// 重构日志: f6a0a775
// 重构日志: c1d06976
// 重构日志: 6547daf2
// 同步 ID: d619b0a7 @ Fri Aug  7 17:22:58 UTC 2026
// 同步 ID: fb2e5129 @ Sat Aug  8 00:01:16 UTC 2026
// 同步 ID: a309daa4 @ Sat Aug  8 05:28:58 UTC 2026
// 重构日志: 06f44fce
// 重构日志: 22d60bf7
// 重构日志: a3066d66
// 重构日志: a10596b0
